Archive member included to satisfy reference by file (symbol)

C:/ST/STM32CubeIDE_1.14.0/STM32CubeIDE/plugins/com.st.stm32cube.ide.mcu.externaltools.gnu-tools-for-stm32.11.3.rel1.win32_1.1.100.202309141235/tools/bin/../lib/gcc/arm-none-eabi/11.3.1/../../../../arm-none-eabi/lib/thumb/v7e-m+fp/hard\libc_nano.a(libc_a-exit.o)
                              C:/ST/STM32CubeIDE_1.14.0/STM32CubeIDE/plugins/com.st.stm32cube.ide.mcu.externaltools.gnu-tools-for-stm32.11.3.rel1.win32_1.1.100.202309141235/tools/bin/../lib/gcc/arm-none-eabi/11.3.1/../../../../arm-none-eabi/lib/thumb/v7e-m+fp/hard/crt0.o (exit)
C:/ST/STM32CubeIDE_1.14.0/STM32CubeIDE/plugins/com.st.stm32cube.ide.mcu.externaltools.gnu-tools-for-stm32.11.3.rel1.win32_1.1.100.202309141235/tools/bin/../lib/gcc/arm-none-eabi/11.3.1/../../../../arm-none-eabi/lib/thumb/v7e-m+fp/hard\libc_nano.a(libc_a-findfp.o)
                              C:/ST/STM32CubeIDE_1.14.0/STM32CubeIDE/plugins/com.st.stm32cube.ide.mcu.externaltools.gnu-tools-for-stm32.11.3.rel1.win32_1.1.100.202309141235/tools/bin/../lib/gcc/arm-none-eabi/11.3.1/../../../../arm-none-eabi/lib/thumb/v7e-m+fp/hard\libc_nano.a(libc_a-exit.o) (__stdio_exit_handler)
C:/ST/STM32CubeIDE_1.14.0/STM32CubeIDE/plugins/com.st.stm32cube.ide.mcu.externaltools.gnu-tools-for-stm32.11.3.rel1.win32_1.1.100.202309141235/tools/bin/../lib/gcc/arm-none-eabi/11.3.1/../../../../arm-none-eabi/lib/thumb/v7e-m+fp/hard\libc_nano.a(libc_a-fwalk.o)
                              C:/ST/STM32CubeIDE_1.14.0/STM32CubeIDE/plugins/com.st.stm32cube.ide.mcu.externaltools.gnu-tools-for-stm32.11.3.rel1.win32_1.1.100.202309141235/tools/bin/../lib/gcc/arm-none-eabi/11.3.1/../../../../arm-none-eabi/lib/thumb/v7e-m+fp/hard\libc_nano.a(libc_a-findfp.o) (_fwalk_sglue)
C:/ST/STM32CubeIDE_1.14.0/STM32CubeIDE/plugins/com.st.stm32cube.ide.mcu.externaltools.gnu-tools-for-stm32.11.3.rel1.win32_1.1.100.202309141235/tools/bin/../lib/gcc/arm-none-eabi/11.3.1/../../../../arm-none-eabi/lib/thumb/v7e-m+fp/hard\libc_nano.a(libc_a-stdio.o)
                              C:/ST/STM32CubeIDE_1.14.0/STM32CubeIDE/plugins/com.st.stm32cube.ide.mcu.externaltools.gnu-tools-for-stm32.11.3.rel1.win32_1.1.100.202309141235/tools/bin/../lib/gcc/arm-none-eabi/11.3.1/../../../../arm-none-eabi/lib/thumb/v7e-m+fp/hard\libc_nano.a(libc_a-findfp.o) (__sread)
C:/ST/STM32CubeIDE_1.14.0/STM32CubeIDE/plugins/com.st.stm32cube.ide.mcu.externaltools.gnu-tools-for-stm32.11.3.rel1.win32_1.1.100.202309141235/tools/bin/../lib/gcc/arm-none-eabi/11.3.1/../../../../arm-none-eabi/lib/thumb/v7e-m+fp/hard\libc_nano.a(libc_a-memset.o)
                              C:/ST/STM32CubeIDE_1.14.0/STM32CubeIDE/plugins/com.st.stm32cube.ide.mcu.externaltools.gnu-tools-for-stm32.11.3.rel1.win32_1.1.100.202309141235/tools/bin/../lib/gcc/arm-none-eabi/11.3.1/../../../../arm-none-eabi/lib/thumb/v7e-m+fp/hard/crt0.o (memset)
C:/ST/STM32CubeIDE_1.14.0/STM32CubeIDE/plugins/com.st.stm32cube.ide.mcu.externaltools.gnu-tools-for-stm32.11.3.rel1.win32_1.1.100.202309141235/tools/bin/../lib/gcc/arm-none-eabi/11.3.1/../../../../arm-none-eabi/lib/thumb/v7e-m+fp/hard\libc_nano.a(libc_a-closer.o)
                              C:/ST/STM32CubeIDE_1.14.0/STM32CubeIDE/plugins/com.st.stm32cube.ide.mcu.externaltools.gnu-tools-for-stm32.11.3.rel1.win32_1.1.100.202309141235/tools/bin/../lib/gcc/arm-none-eabi/11.3.1/../../../../arm-none-eabi/lib/thumb/v7e-m+fp/hard\libc_nano.a(libc_a-stdio.o) (_close_r)
C:/ST/STM32CubeIDE_1.14.0/STM32CubeIDE/plugins/com.st.stm32cube.ide.mcu.externaltools.gnu-tools-for-stm32.11.3.rel1.win32_1.1.100.202309141235/tools/bin/../lib/gcc/arm-none-eabi/11.3.1/../../../../arm-none-eabi/lib/thumb/v7e-m+fp/hard\libc_nano.a(libc_a-reent.o)
                              C:/ST/STM32CubeIDE_1.14.0/STM32CubeIDE/plugins/com.st.stm32cube.ide.mcu.externaltools.gnu-tools-for-stm32.11.3.rel1.win32_1.1.100.202309141235/tools/bin/../lib/gcc/arm-none-eabi/11.3.1/../../../../arm-none-eabi/lib/thumb/v7e-m+fp/hard\libc_nano.a(libc_a-closer.o) (errno)
C:/ST/STM32CubeIDE_1.14.0/STM32CubeIDE/plugins/com.st.stm32cube.ide.mcu.externaltools.gnu-tools-for-stm32.11.3.rel1.win32_1.1.100.202309141235/tools/bin/../lib/gcc/arm-none-eabi/11.3.1/../../../../arm-none-eabi/lib/thumb/v7e-m+fp/hard\libc_nano.a(libc_a-impure.o)
                              C:/ST/STM32CubeIDE_1.14.0/STM32CubeIDE/plugins/com.st.stm32cube.ide.mcu.externaltools.gnu-tools-for-stm32.11.3.rel1.win32_1.1.100.202309141235/tools/bin/../lib/gcc/arm-none-eabi/11.3.1/../../../../arm-none-eabi/lib/thumb/v7e-m+fp/hard\libc_nano.a(libc_a-reent.o) (_impure_ptr)
C:/ST/STM32CubeIDE_1.14.0/STM32CubeIDE/plugins/com.st.stm32cube.ide.mcu.externaltools.gnu-tools-for-stm32.11.3.rel1.win32_1.1.100.202309141235/tools/bin/../lib/gcc/arm-none-eabi/11.3.1/../../../../arm-none-eabi/lib/thumb/v7e-m+fp/hard\libc_nano.a(libc_a-lseekr.o)
[...]
Memory Configuration

Name             Origin             Length             Attributes
CCMSRAM          0x0000000010000000 0x0000000000008000 xrw
RAM              0x0000000020000000 0x0000000000020000 xrw
FLASH            0x0000000008000000 0x0000000000080000 xr
*default*        0x0000000000000000 0xffffffffffffffff

Linker script and memory map

LOAD C:/ST/STM32CubeIDE_1.14.0/STM32CubeIDE/plugins/com.st.stm32cube.ide.mcu.externaltools.gnu-tools-for-stm32.11.3.rel1.win32_1.1.100.202309141235/tools/bin/../lib/gcc/arm-none-eabi/11.3.1/thumb/v7e-m+fp/hard/crti.o
LOAD C:/ST/STM32CubeIDE_1.14.0/STM32CubeIDE/plugins/com.st.stm32cube.ide.mcu.externaltools.gnu-tools-for-stm32.11.3.rel1.win32_1.1.100.202309141235/tools/bin/../lib/gcc/arm-none-eabi/11.3.1/thumb/v7e-m+fp/hard/crtbegin.o
LOAD C:/ST/STM32CubeIDE_1.14.0/STM32CubeIDE/plugins/com.st.stm32cube.ide.mcu.externaltools.gnu-tools-for-stm32.11.3.rel1.win32_1.1.100.202309141235/tools/bin/../lib/gcc/arm-none-eabi/11.3.1/../../../../arm-none-eabi/lib/thumb/v7e-m+fp/hard/crt0.o
LOAD ./Src/002_LEDbutton.o
LOAD ./Src/syscalls.o
LOAD ./Src/sysmem.o
LOAD ./Startup/startup_stm32g473qetx.o
LOAD ./drivers/Src/stm32f4xx_gpio_driver.o
START GROUP
LOAD C:/ST/STM32CubeIDE_1.14.0/STM32CubeIDE/plugins/com.st.stm32cube.ide.mcu.externaltools.gnu-tools-for-stm32.11.3.rel1.win32_1.1.100.202309141235/tools/bin/../lib/gcc/arm-none-eabi/11.3.1/../../../../arm-none-eabi/lib/thumb/v7e-m+fp/hard\libc_nano.a
LOAD C:/ST/STM32CubeIDE_1.14.0/STM32CubeIDE/plugins/com.st.stm32cube.ide.mcu.externaltools.gnu-tools-for-stm32.11.3.rel1.win32_1.1.100.202309141235/tools/bin/../lib/gcc/arm-none-eabi/11.3.1/../../../../arm-none-eabi/lib/thumb/v7e-m+fp/hard\libm.a
END GROUP
START GROUP
LOAD C:/ST/STM32CubeIDE_1.14.0/STM32CubeIDE/plugins/com.st.stm32cube.ide.mcu.externaltools.gnu-tools-for-stm32.11.3.rel1.win32_1.1.100.202309141235/tools/bin/../lib/gcc/arm-none-eabi/11.3.1/thumb/v7e-m+fp/hard\libgcc.a
LOAD C:/ST/STM32CubeIDE_1.14.0/STM32CubeIDE/plugins/com.st.stm32cube.ide.mcu.externaltools.gnu-tools-for-stm32.11.3.rel1.win32_1.1.100.202309141235/tools/bin/../lib/gcc/arm-none-eabi/11.3.1/../../../../arm-none-eabi/lib/thumb/v7e-m+fp/hard\libc_nano.a
END GROUP
START GROUP
LOAD C:/ST/STM32CubeIDE_1.14.0/STM32CubeIDE/plugins/com.st.stm32cube.ide.mcu.externaltools.gnu-tools-for-stm32.11.3.rel1.win32_1.1.100.202309141235/tools/bin/../lib/gcc/arm-none-eabi/11.3.1/thumb/v7e-m+fp/hard\libgcc.a
LOAD C:/ST/STM32CubeIDE_1.14.0/STM32CubeIDE/plugins/com.st.stm32cube.ide.mcu.externaltools.gnu-tools-for-stm32.11.3.rel1.win32_1.1.100.202309141235/tools/bin/../lib/gcc/arm-none-eabi/11.3.1/../../../../arm-none-eabi/lib/thumb/v7e-m+fp/hard\libc_nano.a
LOAD C:/ST/STM32CubeIDE_1.14.0/STM32CubeIDE/plugins/com.st.stm32cube.ide.mcu.externaltools.gnu-tools-for-stm32.11.3.rel1.win32_1.1.100.202309141235/tools/bin/../lib/gcc/arm-none-eabi/11.3.1/../../../../arm-none-eabi/lib/thumb/v7e-m+fp/hard\libnosys.a
END GROUP
START GROUP
LOAD C:/ST/STM32CubeIDE_1.14.0/STM32CubeIDE/plugins/com.st.stm32cube.ide.mcu.externaltools.gnu-tools-for-stm32.11.3.rel1.win32_1.1.100.202309141235/tools/bin/../lib/gcc/arm-none-eabi/11.3.1/thumb/v7e-m+fp/hard\libgcc.a
LOAD C:/ST/STM32CubeIDE_1.14.0/STM32CubeIDE/plugins/com.st.stm32cube.ide.mcu.externaltools.gnu-tools-for-stm32.11.3.rel1.win32_1.1.100.202309141235/tools/bin/../lib/gcc/arm-none-eabi/11.3.1/../../../../arm-none-eabi/lib/thumb/v7e-m+fp/hard\libc_nano.a
LOAD C:/ST/STM32CubeIDE_1.14.0/STM32CubeIDE/plugins/com.st.stm32cube.ide.mcu.externaltools.gnu-tools-for-stm32.11.3.rel1.win32_1.1.100.202309141235/tools/bin/../lib/gcc/arm-none-eabi/11.3.1/../../../../arm-none-eabi/lib/thumb/v7e-m+fp/hard\libnosys.a
END GROUP
LOAD C:/ST/STM32CubeIDE_1.14.0/STM32CubeIDE/plugins/com.st.stm32cube.ide.mcu.externaltools.gnu-tools-for-stm32.11.3.rel1.win32_1.1.100.202309141235/tools/bin/../lib/gcc/arm-none-eabi/11.3.1/thumb/v7e-m+fp/hard/crtend.o
LOAD C:/ST/STM32CubeIDE_1.14.0/STM32CubeIDE/plugins/com.st.stm32cube.ide.mcu.externaltools.gnu-tools-for-stm32.11.3.rel1.win32_1.1.100.202309141235/tools/bin/../lib/gcc/arm-none-eabi/11.3.1/thumb/v7e-m+fp/hard/crtn.o
                0x0000000020020000                _estack = (ORIGIN (RAM) + LENGTH (RAM))
                0x0000000000000200                _Min_Heap_Size = 0x200
                0x0000000000000400                _Min_Stack_Size = 0x400

.isr_vector     0x0000000008000000      0x1d8
                0x0000000008000000                . = ALIGN (0x4)
 *(.isr_vector)
 .isr_vector    0x0000000008000000      0x1d8 ./Startup/startup_stm32g473qetx.o
                0x0000000008000000                g_pfnVectors
                0x00000000080001d8                . = ALIGN (0x4)

.text           0x00000000080001d8      0x520
                0x00000000080001d8                . = ALIGN (0x4)
 *(.text)
 .text          0x00000000080001d8       0x40 C:/ST/STM32CubeIDE_1.14.0/STM32CubeIDE/plugins/com.st.stm32cube.ide.mcu.externaltools.gnu-tools-for-stm32.11.3.rel1.win32_1.1.100.202309141235/tools/bin/../lib/gcc/arm-none-eabi/11.3.1/thumb/v7e-m+fp/hard/crtbegin.o
 *(.text*)
 .text.main     0x0000000008000218       0x74 ./Src/002_LEDbutton.o
                0x0000000008000218                main
 .text.Reset_Handler
                0x000000000800028c       0x50 ./Startup/startup_stm32g473qetx.o
                0x000000000800028c                Reset_Handler
 .text.Default_Handler
                0x00000000080002dc        0x2 ./Startup/startup_stm32g473qetx.o
                0x00000000080002dc                EXTI2_IRQHandler
                0x00000000080002dc                TIM8_TRG_COM_IRQHandler
                0x00000000080002dc                TIM8_CC_IRQHandler
                0x00000000080002dc                DMA2_CH8_IRQHandler
                0x00000000080002dc                DebugMon_Handler
                0x00000000080002dc                DMA1_CH4_IRQHandler
                0x00000000080002dc                SPI4_IRQHandler
                0x00000000080002dc                FDCAN3_IT0_IRQHandler
                0x00000000080002dc                TIM1_CC_IRQHandler
                0x00000000080002dc                Cordic_IRQHandler
                0x00000000080002dc                HardFault_Handler
                0x00000000080002dc                USB_HP_IRQHandler
                0x00000000080002dc                SysTick_Handler
                0x00000000080002dc                PendSV_Handler
                0x00000000080002dc                NMI_Handler
                0x00000000080002dc                EXTI3_IRQHandler
                0x00000000080002dc                I2C3_ER_IRQHandler
                0x00000000080002dc                DMA1_CH8_IRQHandler
                0x00000000080002dc                TIM6_DACUNDER_IRQHandler
                0x00000000080002dc                EXTI0_IRQHandler
                0x00000000080002dc                I2C2_EV_IRQHandler
                0x00000000080002dc                DMA2_CH1_IRQHandler
                0x00000000080002dc                FDCAN1_IT1_IRQHandler
                0x00000000080002dc                TIM1_UP_TIM16_IRQHandler
                0x00000000080002dc                DMA2_CH7_IRQHandler
                0x00000000080002dc                UsageFault_Handler
                0x00000000080002dc                ADC1_2_IRQHandler
                0x00000000080002dc                SPI1_IRQHandler
                0x00000000080002dc                DMA1_CH7_IRQHandler
                0x00000000080002dc                TIM8_UP_IRQHandler
                0x00000000080002dc                USBWakeUP_IRQHandler
                0x00000000080002dc                RTC_ALARM_IRQHandler
                0x00000000080002dc                DMA1_CH6_IRQHandler
                0x00000000080002dc                TIM20_TRG_COM_IRQHandler
                0x00000000080002dc                USART3_IRQHandler
                0x00000000080002dc                LPUART_IRQHandler
                0x00000000080002dc                UART5_IRQHandler
                0x00000000080002dc                ADC3_IRQHandler
                0x00000000080002dc                TIM4_IRQHandler
                0x00000000080002dc                QUADSPI_IRQHandler
                0x00000000080002dc                I2C1_EV_IRQHandler
                0x00000000080002dc                DMA2_CH5_IRQHandler
                0x00000000080002dc                UART4_IRQHandler
                0x00000000080002dc                DMA1_CH3_IRQHandler
                0x00000000080002dc                TIM3_IRQHandler
                0x00000000080002dc                RCC_IRQHandler
                0x00000000080002dc                TIM20_UP_IRQHandler
                0x00000000080002dc                TIM1_TRG_COM_IRQHandler
                0x00000000080002dc                Default_Handler
                0x00000000080002dc                FMAC_IRQHandler
                0x00000000080002dc                EXTI15_10_IRQHandler
                0x00000000080002dc                TIM7_IRQHandler
                0x00000000080002dc                FDCAN3_IT1_IRQHandler
                0x00000000080002dc                TIM5_IRQHandler
                0x00000000080002dc                UCPD1_IRQHandler
                0x00000000080002dc                I2C3_EV_IRQHandler
                0x00000000080002dc                EXTI9_5_IRQHandler
                0x00000000080002dc                DMA1_CH2_IRQHandler
                0x00000000080002dc                RTC_WKUP_IRQHandler
                0x00000000080002dc                SAI_IRQHandler
                0x00000000080002dc                PVD_PVM_IRQHandler
                0x00000000080002dc                SPI2_IRQHandler
                0x00000000080002dc                DMA1_CH1_IRQHandler
                0x00000000080002dc                MemManage_Handler
                0x00000000080002dc                ADC5_IRQHandler
                0x00000000080002dc                SVC_Handler
                0x00000000080002dc                CRS_IRQHandler
                0x00000000080002dc                USB_LP_IRQHandler
                0x00000000080002dc                EXTI4_IRQHandler
                0x00000000080002dc                RNG_IRQHandler
                0x00000000080002dc                FDCAN2_IT1_IRQHandler
                0x00000000080002dc                ADC4_IRQHandler
                0x00000000080002dc                WWDG_IRQHandler
                0x00000000080002dc                I2C4_EV_IRQHandler
                0x00000000080002dc                FDCAN2_IT0_IRQHandler
                0x00000000080002dc                FDCAN1_IT0_IRQHandler
                0x00000000080002dc                TIM2_IRQHandler
                0x00000000080002dc                COMP7_IRQHandler
                0x00000000080002dc                COMP1_2_3_IRQHandler
                0x00000000080002dc                EXTI1_IRQHandler
                0x00000000080002dc                AES_IRQHandler
                0x00000000080002dc                USART2_IRQHandler
                0x00000000080002dc                COMP4_5_6_IRQHandler
                0x00000000080002dc                TIM20_BRK_IRQHandler
                0x00000000080002dc                I2C2_ER_IRQHandler
                0x00000000080002dc                TIM8_BRK_IRQHandler
                0x00000000080002dc                FLASH_IRQHandler
                0x00000000080002dc                TIM20_CC_IRQHandler
                0x00000000080002dc                BusFault_Handler
                0x00000000080002dc                USART1_IRQHandler
                0x00000000080002dc                SPI3_IRQHandler
                0x00000000080002dc                DMA2_CH6_IRQHandler
                0x00000000080002dc                DMA2_CH3_IRQHandler
                0x00000000080002dc                DMA2_CH2_IRQHandler
                0x00000000080002dc                I2C1_ER_IRQHandler
                0x00000000080002dc                FMC_IRQHandler
                0x00000000080002dc                DMA1_CH5_IRQHandler
                0x00000000080002dc                DMA2_CH4_IRQHandler
                0x00000000080002dc                LPTIM1_IRQHandler
                0x00000000080002dc                DMAMUX_OVR_IRQHandler
                0x00000000080002dc                I2C4_ER_IRQHandler
                0x00000000080002dc                RTC_TAMP_CSS_LSE_IRQHandler
                0x00000000080002dc                TIM1_BRK_TIM15_IRQHandler
 *fill*         0x00000000080002de        0x2 
 .text.GPIO_PeriClkCtrl
                0x00000000080002e0      0x1d0 ./drivers/Src/stm32f4xx_gpio_driver.o
                0x00000000080002e0                GPIO_PeriClkCtrl
 .text.GPIO_Init
                0x00000000080004b0      0x190 ./drivers/Src/stm32f4xx_gpio_driver.o
                0x00000000080004b0                GPIO_Init
 .text.GPIO_ReadFromInputPin
                0x0000000008000640       0x2c ./drivers/Src/stm32f4xx_gpio_driver.o
                0x0000000008000640                GPIO_ReadFromInputPin
 .text.GPIO_ToggleOutputPin
                0x000000000800066c       0x2a ./drivers/Src/stm32f4xx_gpio_driver.o
                0x000000000800066c                GPIO_ToggleOutputPin
 *fill*         0x0000000008000696        0x2 
 .text.__libc_init_array
                0x0000000008000698       0x48 C:/ST/STM32CubeIDE_1.14.0/STM32CubeIDE/plugins/com.st.stm32cube.ide.mcu.externaltools.gnu-tools-for-stm32.11.3.rel1.win32_1.1.100.202309141235/tools/bin/../lib/gcc/arm-none-eabi/11.3.1/../../../../arm-none-eabi/lib/thumb/v7e-m+fp/hard\libc_nano.a(libc_a-init.o)
                0x0000000008000698                __libc_init_array
 *(.glue_7)
 .glue_7        0x00000000080006e0        0x0 linker stubs
 *(.glue_7t)
 .glue_7t       0x00000000080006e0        0x0 linker stubs
 *(.eh_frame)
 .eh_frame      0x00000000080006e0        0x0 C:/ST/STM32CubeIDE_1.14.0/STM32CubeIDE/plugins/com.st.stm32cube.ide.mcu.externaltools.gnu-tools-for-stm32.11.3.rel1.win32_1.1.100.202309141235/tools/bin/../lib/gcc/arm-none-eabi/11.3.1/thumb/v7e-m+fp/hard/crtbegin.o
 *(.init)
 .init          0x00000000080006e0        0x4 C:/ST/STM32CubeIDE_1.14.0/STM32CubeIDE/plugins/com.st.stm32cube.ide.mcu.externaltools.gnu-tools-for-stm32.11.3.rel1.win32_1.1.100.202309141235/tools/bin/../lib/gcc/arm-none-eabi/11.3.1/thumb/v7e-m+fp/hard/crti.o
                0x00000000080006e0                _init
 .init          0x00000000080006e4        0x8 C:/ST/STM32CubeIDE_1.14.0/STM32CubeIDE/plugins/com.st.stm32cube.ide.mcu.externaltools.gnu-tools-for-stm32.11.3.rel1.win32_1.1.100.202309141235/tools/bin/../lib/gcc/arm-none-eabi/11.3.1/thumb/v7e-m+fp/hard/crtn.o
 *(.fini)
 .fini          0x00000000080006ec        0x4 C:/ST/STM32CubeIDE_1.14.0/STM32CubeIDE/plugins/com.st.stm32cube.ide.mcu.externaltools.gnu-tools-for-stm32.11.3.rel1.win32_1.1.100.202309141235/tools/bin/../lib/gcc/arm-none-eabi/11.3.1/thumb/v7e-m+fp/hard/crti.o
                0x00000000080006ec                _fini
 .fini          0x00000000080006f0        0x8 C:/ST/STM32CubeIDE_1.14.0/STM32CubeIDE/plugins/com.st.stm32cube.ide.mcu.externaltools.gnu-tools-for-stm32.11.3.rel1.win32_1.1.100.202309141235/tools/bin/../lib/gcc/arm-none-eabi/11.3.1/thumb/v7e-m+fp/hard/crtn.o
                0x00000000080006f8                . = ALIGN (0x4)
                0x00000000080006f8                _etext = .

.vfp11_veneer   0x00000000080006f8        0x0
 .vfp11_veneer  0x00000000080006f8        0x0 linker stubs

.v4_bx          0x00000000080006f8        0x0
 .v4_bx         0x00000000080006f8        0x0 linker stubs

.iplt           0x00000000080006f8        0x0
 .iplt          0x00000000080006f8        0x0 C:/ST/STM32CubeIDE_1.14.0/STM32CubeIDE/plugins/com.st.stm32cube.ide.mcu.externaltools.gnu-tools-for-stm32.11.3.rel1.win32_1.1.100.202309141235/tools/bin/../lib/gcc/arm-none-eabi/11.3.1/thumb/v7e-m+fp/hard/crtbegin.o

.rel.dyn        0x00000000080006f8        0x0
 .rel.iplt      0x00000000080006f8        0x0 C:/ST/STM32CubeIDE_1.14.0/STM32CubeIDE/plugins/com.st.stm32cube.ide.mcu.externaltools.gnu-tools-for-stm32.11.3.rel1.win32_1.1.100.202309141235/tools/bin/../lib/gcc/arm-none-eabi/11.3.1/thumb/v7e-m+fp/hard/crtbegin.o

.rodata         0x00000000080006f8        0x0
                0x00000000080006f8                . = ALIGN (0x4)
 *(.rodata)
 *(.rodata*)
                0x00000000080006f8                . = ALIGN (0x4)

.ARM.extab      0x00000000080006f8        0x0
                0x00000000080006f8                . = ALIGN (0x4)
 *(.ARM.extab* .gnu.linkonce.armextab.*)
                0x00000000080006f8                . = ALIGN (0x4)

.ARM            0x00000000080006f8        0x0
                0x00000000080006f8                . = ALIGN (0x4)
                0x00000000080006f8                __exidx_start = .
 *(.ARM.exidx*)
                0x00000000080006f8                __exidx_end = .
                0x00000000080006f8                . = ALIGN (0x4)

.preinit_array  0x00000000080006f8        0x0
                0x00000000080006f8                . = ALIGN (0x4)
                0x00000000080006f8                PROVIDE (__preinit_array_start = .)
 *(.preinit_array*)
                0x00000000080006f8                PROVIDE (__preinit_array_end = .)
                0x00000000080006f8                . = ALIGN (0x4)

.init_array     0x00000000080006f8        0x4
                0x00000000080006f8                . = ALIGN (0x4)
                0x00000000080006f8                PROVIDE (__init_array_start = .)
 *(SORT_BY_NAME(.init_array.*))
 *(.init_array*)
 .init_array    0x00000000080006f8        0x4 C:/ST/STM32CubeIDE_1.14.0/STM32CubeIDE/plugins/com.st.stm32cube.ide.mcu.externaltools.gnu-tools-for-stm32.11.3.rel1.win32_1.1.100.202309141235/tools/bin/../lib/gcc/arm-none-eabi/11.3.1/thumb/v7e-m+fp/hard/crtbegin.o
                0x00000000080006fc                PROVIDE (__init_array_end = .)
                0x00000000080006fc                . = ALIGN (0x4)

.fini_array     0x00000000080006fc        0x4
                0x00000000080006fc                . = ALIGN (0x4)
                [!provide]                        PROVIDE (__fini_array_start = .)
 *(SORT_BY_NAME(.fini_array.*))
 *(.fini_array*)
 .fini_array    0x00000000080006fc        0x4 C:/ST/STM32CubeIDE_1.14.0/STM32CubeIDE/plugins/com.st.stm32cube.ide.mcu.externaltools.gnu-tools-for-stm32.11.3.rel1.win32_1.1.100.202309141235/tools/bin/../lib/gcc/arm-none-eabi/11.3.1/thumb/v7e-m+fp/hard/crtbegin.o
                [!provide]                        PROVIDE (__fini_array_end = .)
                0x0000000008000700                . = ALIGN (0x4)
                0x0000000008000700                _sidata = LOADADDR (.data)

.data           0x0000000020000000        0x0 load address 0x0000000008000700
                0x0000000020000000                . = ALIGN (0x4)
                0x0000000020000000                _sdata = .
 *(.data)
 *(.data*)
 *(.RamFunc)
 *(.RamFunc*)
                0x0000000020000000                . = ALIGN (0x4)
                0x0000000020000000                _edata = .
                0x0000000008000700                _siccmsram = LOADADDR (.ccmsram)

.igot.plt       0x0000000020000000        0x0 load address 0x0000000008000700
 .igot.plt      0x0000000020000000        0x0 C:/ST/STM32CubeIDE_1.14.0/STM32CubeIDE/plugins/com.st.stm32cube.ide.mcu.externaltools.gnu-tools-for-stm32.11.3.rel1.win32_1.1.100.202309141235/tools/bin/../lib/gcc/arm-none-eabi/11.3.1/thumb/v7e-m+fp/hard/crtbegin.o

.ccmsram        0x0000000010000000        0x0 load address 0x0000000008000700
                0x0000000010000000                . = ALIGN (0x4)
                0x0000000010000000                _sccmsram = .
 *(.ccmsram)
 *(.ccmsram*)
                0x0000000010000000                . = ALIGN (0x4)
                0x0000000010000000                _eccmsram = .
                0x0000000010000000                . = ALIGN (0x4)

.bss            0x0000000020000000       0x1c
                0x0000000020000000                _sbss = .
                0x0000000020000000                __bss_start__ = _sbss
 *(.bss)
 .bss           0x0000000020000000       0x1c C:/ST/STM32CubeIDE_1.14.0/STM32CubeIDE/plugins/com.st.stm32cube.ide.mcu.externaltools.gnu-tools-for-stm32.11.3.rel1.win32_1.1.100.202309141235/tools/bin/../lib/gcc/arm-none-eabi/11.3.1/thumb/v7e-m+fp/hard/crtbegin.o
 *(.bss*)
 *(COMMON)
                0x000000002000001c                . = ALIGN (0x4)
                0x000000002000001c                _ebss = .
                0x000000002000001c                __bss_end__ = _ebss

._user_heap_stack
                0x000000002000001c      0x604
                0x0000000020000020                . = ALIGN (0x8)
 *fill*         0x000000002000001c        0x4 
                [!provide]                        PROVIDE (end = .)
                0x0000000020000020                PROVIDE (_end = .)
                0x0000000020000220                . = (. + _Min_Heap_Size)
 *fill*         0x0000000020000020      0x200 
                0x0000000020000620                . = (. + _Min_Stack_Size)
 *fill*         0x0000000020000220      0x400 
                0x0000000020000620                . = ALIGN (0x8)

/DISCARD/
 libc.a(*)
 libm.a(*)
 libgcc.a(*)

.ARM.attributes
                0x0000000000000000       0x30
 *(.ARM.attributes)
 .ARM.attributes
                0x0000000000000000       0x1e C:/ST/STM32CubeIDE_1.14.0/STM32CubeIDE/plugins/com.st.stm32cube.ide.mcu.externaltools.gnu-tools-for-stm32.11.3.rel1.win32_1.1.100.202309141235/tools/bin/../lib/gcc/arm-none-eabi/11.3.1/thumb/v7e-m+fp/hard/crti.o
 .ARM.attributes
                0x000000000000001e       0x34 C:/ST/STM32CubeIDE_1.14.0/STM32CubeIDE/plugins/com.st.stm32cube.ide.mcu.externaltools.gnu-tools-for-stm32.11.3.rel1.win32_1.1.100.202309141235/tools/bin/../lib/gcc/arm-none-eabi/11.3.1/thumb/v7e-m+fp/hard/crtbegin.o
 .ARM.attributes
                0x0000000000000052       0x34 ./Src/002_LEDbutton.o
 .ARM.attributes
                0x0000000000000086       0x21 ./Startup/startup_stm32g473qetx.o
 .ARM.attributes
                0x00000000000000a7       0x34 ./drivers/Src/stm32f4xx_gpio_driver.o
 .ARM.attributes
                0x00000000000000db       0x34 C:/ST/STM32CubeIDE_1.14.0/STM32CubeIDE/plugins/com.st.stm32cube.ide.mcu.externaltools.gnu-tools-for-stm32.11.3.rel1.win32_1.1.100.202309141235/tools/bin/../lib/gcc/arm-none-eabi/11.3.1/../../../../arm-none-eabi/lib/thumb/v7e-m+fp/hard\libc_nano.a(libc_a-init.o)
 .ARM.attributes
                0x000000000000010f       0x1e C:/ST/STM32CubeIDE_1.14.0/STM32CubeIDE/plugins/com.st.stm32cube.ide.mcu.externaltools.gnu-tools-for-stm32.11.3.rel1.win32_1.1.100.202309141235/tools/bin/../lib/gcc/arm-none-eabi/11.3.1/thumb/v7e-m+fp/hard/crtn.o
OUTPUT(stm324xx_drivers.elf elf32-littlearm)
LOAD linker stubs
LOAD C:/ST/STM32CubeIDE_1.14.0/STM32CubeIDE/plugins/com.st.stm32cube.ide.mcu.externaltools.gnu-tools-for-stm32.11.3.rel1.win32_1.1.100.202309141235/tools/bin/../lib/gcc/arm-none-eabi/11.3.1/../../../../arm-none-eabi/lib/thumb/v7e-m+fp/hard\libc.a
LOAD C:/ST/STM32CubeIDE_1.14.0/STM32CubeIDE/plugins/com.st.stm32cube.ide.mcu.externaltools.gnu-tools-for-stm32.11.3.rel1.win32_1.1.100.202309141235/tools/bin/../lib/gcc/arm-none-eabi/11.3.1/../../../../arm-none-eabi/lib/thumb/v7e-m+fp/hard\libm.a
LOAD C:/ST/STM32CubeIDE_1.14.0/STM32CubeIDE/plugins/com.st.stm32cube.ide.mcu.externaltools.gnu-tools-for-stm32.11.3.rel1.win32_1.1.100.202309141235/tools/bin/../lib/gcc/arm-none-eabi/11.3.1/thumb/v7e-m+fp/hard\libgcc.a

.comment        0x0000000000000000       0x43
 .comment       0x0000000000000000       0x43 C:/ST/STM32CubeIDE_1.14.0/STM32CubeIDE/plugins/com.st.stm32cube.ide.mcu.externaltools.gnu-tools-for-stm32.11.3.rel1.win32_1.1.100.202309141235/tools/bin/../lib/gcc/arm-none-eabi/11.3.1/thumb/v7e-m+fp/hard/crtbegin.o
                                         0x44 (size before relaxing)
 .comment       0x0000000000000043       0x44 ./Src/002_LEDbutton.o
 .comment       0x0000000000000043       0x44 ./drivers/Src/stm32f4xx_gpio_driver.o

.debug_info     0x0000000000000000      0x8a9
 .debug_info    0x0000000000000000      0x28f ./Src/002_LEDbutton.o
 .debug_info    0x000000000000028f       0x23 ./Startup/startup_stm32g473qetx.o
 .debug_info    0x00000000000002b2      0x5f7 ./drivers/Src/stm32f4xx_gpio_driver.o

.debug_abbrev   0x0000000000000000      0x26a
 .debug_abbrev  0x0000000000000000      0x12a ./Src/002_LEDbutton.o
 .debug_abbrev  0x000000000000012a       0x12 ./Startup/startup_stm32g473qetx.o
 .debug_abbrev  0x000000000000013c      0x12e ./drivers/Src/stm32f4xx_gpio_driver.o

.debug_aranges  0x0000000000000000       0xb8
 .debug_aranges
                0x0000000000000000       0x28 ./Src/002_LEDbutton.o
 .debug_aranges
                0x0000000000000028       0x28 ./Startup/startup_stm32g473qetx.o
 .debug_aranges
                0x0000000000000050       0x68 ./drivers/Src/stm32f4xx_gpio_driver.o

.debug_rnglists
                0x0000000000000000       0x7e
 .debug_rnglists
                0x0000000000000000       0x19 ./Src/002_LEDbutton.o
 .debug_rnglists
                0x0000000000000019       0x19 ./Startup/startup_stm32g473qetx.o
 .debug_rnglists
                0x0000000000000032       0x4c ./drivers/Src/stm32f4xx_gpio_driver.o

.debug_macro    0x0000000000000000     0x12e8
 .debug_macro   0x0000000000000000       0x91 ./Src/002_LEDbutton.o
 .debug_macro   0x0000000000000091      0xab4 ./Src/002_LEDbutton.o
 .debug_macro   0x0000000000000b45       0x28 ./Src/002_LEDbutton.o
 .debug_macro   0x0000000000000b6d       0x22 ./Src/002_LEDbutton.o
 .debug_macro   0x0000000000000b8f       0x8e ./Src/002_LEDbutton.o
 .debug_macro   0x0000000000000c1d       0x51 ./Src/002_LEDbutton.o
 .debug_macro   0x0000000000000c6e      0x103 ./Src/002_LEDbutton.o
 .debug_macro   0x0000000000000d71       0x6a ./Src/002_LEDbutton.o
 .debug_macro   0x0000000000000ddb      0x1df ./Src/002_LEDbutton.o
 .debug_macro   0x0000000000000fba      0x1e5 ./Src/002_LEDbutton.o
 .debug_macro   0x000000000000119f       0xc4 ./Src/002_LEDbutton.o
 .debug_macro   0x0000000000001263       0x85 ./drivers/Src/stm32f4xx_gpio_driver.o

.debug_line     0x0000000000000000      0xd3c
 .debug_line    0x0000000000000000      0x4dd ./Src/002_LEDbutton.o
 .debug_line    0x00000000000004dd       0x7b ./Startup/startup_stm32g473qetx.o
 .debug_line    0x0000000000000558      0x7e4 ./drivers/Src/stm32f4xx_gpio_driver.o

.debug_str      0x0000000000000000     0x4ef7
 .debug_str     0x0000000000000000     0x4cc3 ./Src/002_LEDbutton.o
                                       0x4e2f (size before relaxing)
 .debug_str     0x0000000000004cc3       0x2f ./Startup/startup_stm32g473qetx.o
                                         0x6e (size before relaxing)
 .debug_str     0x0000000000004cf2      0x205 ./drivers/Src/stm32f4xx_gpio_driver.o
                                       0x5002 (size before relaxing)

.debug_frame    0x0000000000000000      0x220
 .debug_frame   0x0000000000000000       0x58 ./Src/002_LEDbutton.o
 .debug_frame   0x0000000000000058      0x19c ./drivers/Src/stm32f4xx_gpio_driver.o
 .debug_frame   0x00000000000001f4       0x2c C:/ST/STM32CubeIDE_1.14.0/STM32CubeIDE/plugins/com.st.stm32cube.ide.mcu.externaltools.gnu-tools-for-stm32.11.3.rel1.win32_1.1.100.202309141235/tools/bin/../lib/gcc/arm-none-eabi/11.3.1/../../../../arm-none-eabi/lib/thumb/v7e-m+fp/hard\libc_nano.a(libc_a-init.o)

.debug_line_str
                0x0000000000000000       0x62
 .debug_line_str
                0x0000000000000000       0x62 ./Startup/startup_stm32g473qetx.o
                                         0x7a (size before relaxing)
